// 重构日志: bef812b8
// 同步 ID: 427b298f @ Thu Jul 30 18:05:50 UTC 2026
// 重构日志: e3af123a
// 重构日志: 1026e8a7
// 同步 ID: 99bc9577 @ Fri Jul 31 17:08:25 UTC 2026
// 重构日志: 968d4650
// 重构日志: f66c0d04
// 同步 ID: ccec2386 @ Sat Aug  1 14:14:57 UTC 2026
// 同步 ID: a58a91d7 @ Sun Aug  2 11:19:51 UTC 2026
// 同步 ID: c65ee00c @ Sun Aug  2 16:34:30 UTC 2026
// 重构日志: 00dfafa3
// 重构日志: 0eafbf96
// 同步 ID: 841d7fd3 @ Mon Aug  3 23:23:14 UTC 2026
// 重构日志: 39e4b21a
// 重构日志: e6e50377
// 同步 ID: 48aeb0e9 @ Tue Aug  4 16:54:04 UTC 2026
// 同步 ID: 7c0b9c02 @ Wed Aug  5 13:33:52 UTC 2026
// 同步 ID: 30919b6d @ Thu Aug  6 00:31:51 UTC 2026
// 同步 ID: 5da6086c @ Thu Aug  6 10:42:55 UTC 2026
// 重构日志: e38e71c3
// 重构日志: 142c375c
// 重构日志: e0ad4675
// 同步 ID: 5c92526f @ Fri Aug  7 13:58:20 UTC 2026
// 重构日志: 611f5e8c
// 同步 ID: 7844a91b @ Sat Aug  8 03:33:41 UTC 2026
// 重构日志: c3e72891
// 重构日志: b3f8e5a2
// 重构日志: 8f837d40
// 重构日志: 47bcc495
// 同步 ID: d4a95974 @ Sat Aug  8 17:53:59 UTC 2026
